client/src/_core/hooks/useAuth.ts(27,38): error TS2339: Property 'register' does not exist on type 'DecorateRouterRecord<{ ctx: TrpcContext; meta: object; errorShape: DefaultErrorShape; transformer: true; }, DecorateCreateRouterOptions<{ me: QueryProcedure<{ input: void; output: { id: number; openId: string; name: string | null; ... 23 more ...; bannerImage: string | null; } | null; meta: object; }>; login: Mutati...'.
client/src/_core/hooks/useAuth.ts(28,17): error TS7006: Parameter 'user' implicitly has an 'any' type.
client/src/App.tsx(84,38): error TS2339: Property 'env' does not exist on type 'ImportMeta'.
client/src/components/AdPlacement.tsx(43,39): error TS2339: Property 'mutate' does not exist on type 'DecoratedMutation<{ input: { adId: number; }; output: { success: boolean; }; transformer: true; errorShape: DefaultErrorShape; }>'.
client/src/components/AdPlacement.tsx(52,36): error TS2339: Property 'mutate' does not exist on type 'DecoratedMutation<{ input: { adId: number; }; output: { success: boolean; }; transformer: true; errorShape: DefaultErrorShape; }>'.
client/src/components/AdSlot.tsx(51,37): error TS2339: Property 'env' does not exist on type 'ImportMeta'.
client/src/components/CSRDashboard.tsx(17,61): error TS2339: Property 'support' does not exist on type 'CreateTRPCReactBase<BuiltRouter<{ ctx: TrpcContext; meta: object; errorShape: DefaultErrorShape; transformer: true; }, DecorateCreateRouterOptions<{ system: BuiltRouter<{ ctx: TrpcContext; meta: object; errorShape: DefaultErrorShape; transformer: true; }, DecorateCreateRouterOptions<...>>; ... 18 more ...; verificat...'.
client/src/components/CSRDashboard.tsx(20,67): error TS2339: Property 'support' does not exist on type 'CreateTRPCReactBase<BuiltRouter<{ ctx: TrpcContext; meta: object; errorShape: DefaultErrorShape; transformer: true; }, DecorateCreateRouterOptions<{ system: BuiltRouter<{ ctx: TrpcContext; meta: object; errorShape: DefaultErrorShape; transformer: true; }, DecorateCreateRouterOptions<...>>; ... 18 more ...; verificat...'.
client/src/components/CSRDashboard.tsx(22,30): error TS2339: Property 'support' does not exist on type 'CreateTRPCReactBase<BuiltRouter<{ ctx: TrpcContext; meta: object; errorShape: DefaultErrorShape; transformer: true; }, DecorateCreateRouterOptions<{ system: BuiltRouter<{ ctx: TrpcContext; meta: object; errorShape: DefaultErrorShape; transformer: true; }, DecorateCreateRouterOptions<...>>; ... 18 more ...; verificat...'.
client/src/components/CSRDashboard.tsx(30,32): error TS2339: Property 'support' does not exist on type 'CreateTRPCReactBase<BuiltRouter<{ ctx: TrpcContext; meta: object; errorShape: DefaultErrorShape; transformer: true; }, DecorateCreateRouterOptions<{ system: BuiltRouter<{ ctx: TrpcContext; meta: object; errorShape: DefaultErrorShape; transformer: true; }, DecorateCreateRouterOptions<...>>; ... 18 more ...; verificat...'.
client/src/components/GoogleSignIn.tsx(8,5): error TS2687: All declarations of 'google' must have identical modifiers.
client/src/components/Map.tsx(85,5): error TS2687: All declarations of 'google' must have identical modifiers.
client/src/components/ModeratorDashboard.tsx(163,61): error TS2353: Object literal may only specify known properties, and 'reviewId' does not exist in type '{ flaggedReviewId: number; status: "dismissed" | "removed"; adminNotes?: string | undefined; }'.
client/src/components/ModeratorDashboard.tsx(171,61): error TS2353: Object literal may only specify known properties, and 'reviewId' does not exist in type '{ flaggedReviewId: number; status: "dismissed" | "removed"; adminNotes?: string | undefined; }'.
client/src/components/SubModeratorDashboard.tsx(155,61): error TS2353: Object literal may only specify known properties, and 'reviewId' does not exist in type '{ flaggedReviewId: number; status: "dismissed" | "removed"; adminNotes?: string | undefined; }'.
client/src/components/SubModeratorDashboard.tsx(163,61): error TS2353: Object literal may only specify known properties, and 'reviewId' does not exist in type '{ flaggedReviewId: number; status: "dismissed" | "removed"; adminNotes?: string | undefined; }'.
client/src/pages/ForgotPassword.tsx(23,34): error TS2339: Property 'requestPasswordReset' does not exist on type 'DecorateRouterRecord<{ ctx: TrpcContext; meta: object; errorShape: DefaultErrorShape; transformer: true; }, DecorateCreateRouterOptions<{ me: QueryProcedure<{ input: void; output: { id: number; openId: string; name: string | null; ... 23 more ...; bannerImage: string | null; } | null; meta: object; }>; login: Mutati...'.
client/src/pages/Home.tsx(37,85): error TS2339: Property 'getFeatured' does not exist on type 'DecorateRouterRecord<{ ctx: TrpcContext; meta: object; errorShape: DefaultErrorShape; transformer: true; }, DecorateCreateRouterOptions<{ list: QueryProcedure<{ input: { limit?: number | undefined; offset?: number | undefined; type?: "marketplace" | ... 2 more ... | undefined; }; output: { ...; }[]; meta: object; }>...'.
client/src/pages/Home.tsx(48,12): error TS2339: Property 'deals' does not exist on type 'CreateTRPCReactBase<BuiltRouter<{ ctx: TrpcContext; meta: object; errorShape: DefaultErrorShape; transformer: true; }, DecorateCreateRouterOptions<{ system: BuiltRouter<{ ctx: TrpcContext; meta: object; errorShape: DefaultErrorShape; transformer: true; }, DecorateCreateRouterOptions<...>>; ... 18 more ...; verificat...'.
client/src/pages/ListingDetail.tsx(55,49): error TS2339: Property 'toggle' does not exist on type 'DecorateRouterRecord<{ ctx: TrpcContext; meta: object; errorShape: DefaultErrorShape; transformer: true; }, DecorateCreateRouterOptions<{ list: QueryProcedure<{ input: void; output: { image: any; id: number; listingId: number; title: string; price: number | null; location: string | null; createdAt: Date; }[]; meta: ...'.
client/src/pages/ListingDetail.tsx(80,45): error TS2345: Argument of type '{ listingId: number; startDate: Date; endDate: Date; }' is not assignable to parameter of type '{ listingId: number; startDate: Date; endDate: Date; totalPrice: number; }'.
  Property 'totalPrice' is missing in type '{ listingId: number; startDate: Date; endDate: Date; }' but required in type '{ listingId: number; startDate: Date; endDate: Date; totalPrice: number; }'.
client/src/pages/ListingDetail.tsx(310,63): error TS2322: Type 'string' is not assignable to type 'number'.
client/src/pages/ListingDetail.tsx(337,71): error TS2322: Type '{ className: string; title: string; }' is not assignable to type 'IntrinsicAttributes & Omit<LucideProps, "ref"> & RefAttributes<SVGSVGElement>'.
  Property 'title' does not exist on type 'IntrinsicAttributes & Omit<LucideProps, "ref"> & RefAttributes<SVGSVGElement>'.
client/src/pages/Login.tsx(31,32): error TS2339: Property 'googleSignIn' does not exist on type 'DecorateRouterRecord<{ ctx: TrpcContext; meta: object; errorShape: DefaultErrorShape; transformer: true; }, DecorateCreateRouterOptions<{ me: QueryProcedure<{ input: void; output: { id: number; openId: string; name: string | null; ... 23 more ...; bannerImage: string | null; } | null; meta: object; }>; login: Mutati...'.
client/src/pages/Login.tsx(177,28): error TS2339: Property 'env' does not exist on type 'ImportMeta'.
client/src/pages/LoginPage.tsx(8,10): error TS2305: Module '"wouter"' has no exported member 'useNavigate'.
client/src/pages/Marketplace.tsx(146,42): error TS2304: Cannot find name 'SearchFiltersState'.
client/src/pages/Marketplace.tsx(251,33): error TS7006: Parameter 'prev' implicitly has an 'any' type.
client/src/pages/Marketplace.tsx(273,19): error TS2322: Type '"xs"' is not assignable to type '"default" | "icon" | "sm" | "lg" | "icon-sm" | "icon-lg" | null | undefined'.
client/src/pages/Marketplace.tsx(274,45): error TS7006: Parameter 'prev' implicitly has an 'any' type.
client/src/pages/Marketplace.tsx(283,21): error TS2322: Type '"xs"' is not assignable to type '"default" | "icon" | "sm" | "lg" | "icon-sm" | "icon-lg" | null | undefined'.
client/src/pages/Marketplace.tsx(285,35): error TS7006: Parameter 'prev' implicitly has an 'any' type.
client/src/pages/Marketplace.tsx(312,28): error TS7006: Parameter 'prev' implicitly has an 'any' type.
client/src/pages/MarketplaceResponsive.tsx(396,36): error TS2769: No overload matches this call.
  Overload 1 of 2, '(predicate: (value: { id: number; advertiserId: number; title: string; description: string | null; imageUrl: string; landingUrl: string; adType: string; placement: string; status: string; startDate: Date | null; ... 10 more ...; updatedAt: Date; }, index: number, array: { ...; }[]) => value is { ...; }, thisArg?: any): { ...; }[]', gave the following error.
    Argument of type '(ad: Ad) => boolean' is not assignable to parameter of type '(value: { id: number; advertiserId: number; title: string; description: string | null; imageUrl: string; landingUrl: string; adType: string; placement: string; status: string; startDate: Date | null; ... 10 more ...; updatedAt: Date; }, index: number, array: { ...; }[]) => value is { ...; }'.
      Types of parameters 'ad' and 'value' are incompatible.
        Type '{ id: number; advertiserId: number; title: string; description: string | null; imageUrl: string; landingUrl: string; adType: string; placement: string; status: string; startDate: Date | null; ... 10 more ...; updatedAt: Date; }' is not assignable to type 'Ad'.
          Types of property 'description' are incompatible.
            Type 'string | null' is not assignable to type 'string | undefined'.
              Type 'null' is not assignable to type 'string | undefined'.
  Overload 2 of 2, '(predicate: (value: { id: number; advertiserId: number; title: string; description: string | null; imageUrl: string; landingUrl: string; adType: string; placement: string; status: string; startDate: Date | null; ... 10 more ...; updatedAt: Date; }, index: number, array: { ...; }[]) => unknown, thisArg?: any): { ...; }[]', gave the following error.
    Argument of type '(ad: Ad) => boolean' is not assignable to parameter of type '(value: { id: number; advertiserId: number; title: string; description: string | null; imageUrl: string; landingUrl: string; adType: string; placement: string; status: string; startDate: Date | null; ... 10 more ...; updatedAt: Date; }, index: number, array: { ...; }[]) => unknown'.
      Types of parameters 'ad' and 'value' are incompatible.
        Type '{ id: number; advertiserId: number; title: string; description: string | null; imageUrl: string; landingUrl: string; adType: string; placement: string; status: string; startDate: Date | null; ... 10 more ...; updatedAt: Date; }' is not assignable to type 'Ad'.
          Types of property 'description' are incompatible.
            Type 'string | null' is not assignable to type 'string | undefined'.
              Type 'null' is not assignable to type 'string | undefined'.
client/src/pages/MarketplaceResponsive.tsx(399,33): error TS2339: Property 'totalViews' does not exist on type '{ totalUsers: number; verifiedUsers: number; totalListings: number; activeListings: number; pendingListings: number; rejectedListings: number; }'.
client/src/pages/MarketplaceResponsive.tsx(400,35): error TS2551: Property 'totalSellers' does not exist on type '{ totalUsers: number; verifiedUsers: number; totalListings: number; activeListings: number; pendingListings: number; rejectedListings: number; }'. Did you mean 'totalUsers'?
client/src/pages/MarketplaceResponsive.tsx(504,22): error TS2345: Argument of type '(listing: Listing) => void' is not assignable to parameter of type '(value: { type: string; description: string | null; id: number; brand: string | null; location: string | null; status: string | null; createdAt: Date; updatedAt: Date; title: string; ... 14 more ...; user: { ...; }; }, index: number, array: { ...; }[]) => void'.
  Types of parameters 'listing' and 'value' are incompatible.
    Type '{ type: string; description: string | null; id: number; brand: string | null; location: string | null; status: string | null; createdAt: Date; updatedAt: Date; title: string; ... 14 more ...; user: { ...; }; }' is not assignable to type 'Listing'.
      Types of property 'id' are incompatible.
        Type 'number' is not assignable to type 'string'.
client/src/pages/MarketplaceResponsive.tsx(1296,73): error TS2345: Argument of type '{ type: string; description: string | null; id: number; brand: string | null; location: string | null; status: string | null; createdAt: Date; updatedAt: Date; title: string; ... 14 more ...; user: { ...; }; }' is not assignable to parameter of type 'Listing'.
  Types of property 'id' are incompatible.
    Type 'number' is not assignable to type 'string'.
client/src/pages/MarketplaceResponsive.tsx(1303,73): error TS2345: Argument of type '{ type: string; description: string | null; id: number; brand: string | null; location: string | null; status: string | null; createdAt: Date; updatedAt: Date; title: string; ... 14 more ...; user: { ...; }; }' is not assignable to parameter of type 'Listing'.
  Types of property 'id' are incompatible.
    Type 'number' is not assignable to type 'string'.
client/src/pages/MarketplaceResponsive.tsx(1382,41): error TS2322: Type '{ id: number; advertiserId: number; title: string; description: string | null; imageUrl: string; landingUrl: string; adType: string; placement: string; status: string; startDate: Date | null; ... 10 more ...; updatedAt: Date; }' is not assignable to type 'Ad'.
  Types of property 'description' are incompatible.
    Type 'string | null' is not assignable to type 'string | undefined'.
      Type 'null' is not assignable to type 'string | undefined'.
client/src/pages/MarketplaceResponsive.tsx(1390,19): error TS2322: Type '{ type: string; description: string | null; id: number; brand: string | null; location: string | null; status: string | null; createdAt: Date; updatedAt: Date; title: string; ... 14 more ...; user: { ...; }; }' is not assignable to type 'Listing'.
  Types of property 'id' are incompatible.
    Type 'number' is not assignable to type 'string'.
client/src/pages/PostListing.tsx(232,9): error TS2353: Object literal may only specify known properties, and 'originalPrice' does not exist in type '{ title: string; description: string; categoryId: number; type: "marketplace" | "auction" | "rental"; price?: number | undefined; images?: string[] | undefined; location?: string | undefined; condition?: "good" | ... 3 more ... | undefined; }'.
client/src/pages/PostListing.tsx(267,19): error TS2345: Argument of type '(prev: { type: string; category: string; subCategory: string; title: string; description: string; price: string; originalPrice: string; location: string; district: string; brand: string; model: string; ... 4 more ...; images: File[]; }) => { ...; }' is not assignable to parameter of type 'SetStateAction<{ type: string; category: string; subCategory: string; title: string; description: string; price: string; originalPrice: string; location: string; district: string; brand: string; model: string; ... 4 more ...; images: File[]; }>'.
  Type '(prev: { type: string; category: string; subCategory: string; title: string; description: string; price: string; originalPrice: string; location: string; district: string; brand: string; model: string; ... 4 more ...; images: File[]; }) => { ...; }' is not assignable to type '(prevState: { type: string; category: string; subCategory: string; title: string; description: string; price: string; originalPrice: string; location: string; district: string; brand: string; model: string; ... 4 more ...; images: File[]; }) => { ...; }'.
    Call signature return types '{ email: string | null; type: string; category: string; subCategory: string; title: string; description: string; price: string; originalPrice: string; location: string; district: string; brand: string; ... 4 more ...; images: File[]; }' and '{ type: string; category: string; subCategory: string; title: string; description: string; price: string; originalPrice: string; location: string; district: string; brand: string; model: string; color: string; condition: string; phone: string; email: string; images: File[]; }' are incompatible.
      The types of 'email' are incompatible between these types.
        Type 'string | null' is not assignable to type 'string'.
          Type 'null' is not assignable to type 'string'.
client/src/pages/Profile.tsx(51,35): error TS2339: Property 'updateProfile' does not exist on type 'DecorateRouterRecord<{ ctx: TrpcContext; meta: object; errorShape: DefaultErrorShape; transformer: true; }, DecorateCreateRouterOptions<{ me: QueryProcedure<{ input: void; output: { id: number; openId: string; name: string | null; ... 23 more ...; bannerImage: string | null; } | null; meta: object; }>; login: Mutati...'.
client/src/pages/Profile.tsx(57,15): error TS7006: Parameter 'err' implicitly has an 'any' type.
client/src/pages/Profile.tsx(121,85): error TS2322: Type 'string | null' is not assignable to type 'string | undefined'.
  Type 'null' is not assignable to type 'string | undefined'.
client/src/pages/Profile.tsx(251,34): error TS7053: Element implicitly has an 'any' type because expression of type '0' can't be used to index type '{}'.
  Property '0' does not exist on type '{}'.
client/src/pages/Profile.tsx(252,45): error TS7053: Element implicitly has an 'any' type because expression of type '0' can't be used to index type '{}'.
  Property '0' does not exist on type '{}'.
client/src/pages/Profile.tsx(315,32): error TS7053: Element implicitly has an 'any' type because expression of type '0' can't be used to index type '{}'.
  Property '0' does not exist on type '{}'.
client/src/pages/Profile.tsx(316,43): error TS7053: Element implicitly has an 'any' type because expression of type '0' can't be used to index type '{}'.
  Property '0' does not exist on type '{}'.
client/src/pages/Profile.tsx(360,41): error TS2339: Property 'reviewerName' does not exist on type '{ id: number; fromUserId: number; toUserId: number; listingId: number | null; transactionId: number | null; rating: number; title: string | null; comment: string | null; isVerifiedPurchase: boolean; ... 6 more ...; updatedAt: Date; }'.
client/src/pages/Profile.tsx(363,82): error TS2339: Property 'reviewerName' does not exist on type '{ id: number; fromUserId: number; toUserId: number; listingId: number | null; transactionId: number | null; rating: number; title: string | null; comment: string | null; isVerifiedPurchase: boolean; ... 6 more ...; updatedAt: Date; }'.
client/src/pages/Register.tsx(16,32): error TS2339: Property 'googleSignIn' does not exist on type 'DecorateRouterRecord<{ ctx: TrpcContext; meta: object; errorShape: DefaultErrorShape; transformer: true; }, DecorateCreateRouterOptions<{ me: QueryProcedure<{ input: void; output: { id: number; openId: string; name: string | null; ... 23 more ...; bannerImage: string | null; } | null; meta: object; }>; login: Mutati...'.
client/src/pages/Register.tsx(146,28): error TS2339: Property 'env' does not exist on type 'ImportMeta'.
client/src/pages/Rentals.tsx(160,48): error TS2339: Property 'pricePerDay' does not exist on type '{ seller: { name: string | null; avatar: string | null; verificationStatus: string; } | null; id: number; userId: number; categoryId: number; title: string; description: string | null; ... 17 more ...; expiresAt: Date | null; } | { ...; }'.
  Property 'pricePerDay' does not exist on type '{ seller: { name: string | null; avatar: string | null; verificationStatus: string; } | null; id: number; userId: number; categoryId: number; title: string; description: string | null; type: string; ... 16 more ...; expiresAt: Date | null; }'.
client/src/pages/Rentals.tsx(160,97): error TS2339: Property 'pricePerDay' does not exist on type '{ seller: { name: string | null; avatar: string | null; verificationStatus: string; } | null; id: number; userId: number; categoryId: number; title: string; description: string | null; ... 17 more ...; expiresAt: Date | null; } | { ...; }'.
  Property 'pricePerDay' does not exist on type '{ seller: { name: string | null; avatar: string | null; verificationStatus: string; } | null; id: number; userId: number; categoryId: number; title: string; description: string | null; type: string; ... 16 more ...; expiresAt: Date | null; }'.
client/src/pages/Rentals.tsx(165,11): error TS18047: 'r.location' is possibly 'null'.
client/src/pages/Rentals.tsx(169,39): error TS2339: Property 'category' does not exist on type '{ seller: { name: string | null; avatar: string | null; verificationStatus: string; } | null; id: number; userId: number; categoryId: number; title: string; description: string | null; ... 17 more ...; expiresAt: Date | null; } | { ...; }'.
  Property 'category' does not exist on type '{ seller: { name: string | null; avatar: string | null; verificationStatus: string; } | null; id: number; userId: number; categoryId: number; title: string; description: string | null; type: string; ... 16 more ...; expiresAt: Date | null; }'.
client/src/pages/Rentals.tsx(176,44): error TS2339: Property 'pricePerDay' does not exist on type '{ seller: { name: string | null; avatar: string | null; verificationStatus: string; } | null; id: number; userId: number; categoryId: number; title: string; description: string | null; ... 17 more ...; expiresAt: Date | null; } | { ...; }'.
  Property 'pricePerDay' does not exist on type '{ seller: { name: string | null; avatar: string | null; verificationStatus: string; } | null; id: number; userId: number; categoryId: number; title: string; description: string | null; type: string; ... 16 more ...; expiresAt: Date | null; }'.
client/src/pages/Rentals.tsx(176,72): error TS2339: Property 'pricePerDay' does not exist on type '{ seller: { name: string | null; avatar: string | null; verificationStatus: string; } | null; id: number; userId: number; categoryId: number; title: string; description: string | null; ... 17 more ...; expiresAt: Date | null; } | { ...; }'.
  Property 'pricePerDay' does not exist on type '{ seller: { name: string | null; avatar: string | null; verificationStatus: string; } | null; id: number; userId: number; categoryId: number; title: string; description: string | null; type: string; ... 16 more ...; expiresAt: Date | null; }'.
client/src/pages/Rentals.tsx(179,44): error TS2339: Property 'pricePerDay' does not exist on type '{ seller: { name: string | null; avatar: string | null; verificationStatus: string; } | null; id: number; userId: number; categoryId: number; title: string; description: string | null; ... 17 more ...; expiresAt: Date | null; } | { ...; }'.
  Property 'pricePerDay' does not exist on type '{ seller: { name: string | null; avatar: string | null; verificationStatus: string; } | null; id: number; userId: number; categoryId: number; title: string; description: string | null; type: string; ... 16 more ...; expiresAt: Date | null; }'.
client/src/pages/Rentals.tsx(179,72): error TS2339: Property 'pricePerDay' does not exist on type '{ seller: { name: string | null; avatar: string | null; verificationStatus: string; } | null; id: number; userId: number; categoryId: number; title: string; description: string | null; ... 17 more ...; expiresAt: Date | null; } | { ...; }'.
  Property 'pricePerDay' does not exist on type '{ seller: { name: string | null; avatar: string | null; verificationStatus: string; } | null; id: number; userId: number; categoryId: number; title: string; description: string | null; type: string; ... 16 more ...; expiresAt: Date | null; }'.
client/src/pages/Rentals.tsx(182,34): error TS2339: Property 'rating' does not exist on type '{ seller: { name: string | null; avatar: string | null; verificationStatus: string; } | null; id: number; userId: number; categoryId: number; title: string; description: string | null; ... 17 more ...; expiresAt: Date | null; } | { ...; }'.
  Property 'rating' does not exist on type '{ seller: { name: string | null; avatar: string | null; verificationStatus: string; } | null; id: number; userId: number; categoryId: number; title: string; description: string | null; type: string; ... 16 more ...; expiresAt: Date | null; }'.
client/src/pages/Rentals.tsx(182,52): error TS2339: Property 'rating' does not exist on type '{ seller: { name: string | null; avatar: string | null; verificationStatus: string; } | null; id: number; userId: number; categoryId: number; title: string; description: string | null; ... 17 more ...; expiresAt: Date | null; } | { ...; }'.
  Property 'rating' does not exist on type '{ seller: { name: string | null; avatar: string | null; verificationStatus: string; } | null; id: number; userId: number; categoryId: number; title: string; description: string | null; type: string; ... 16 more ...; expiresAt: Date | null; }'.
client/src/pages/Rentals.tsx(304,31): error TS7053: Element implicitly has an 'any' type because expression of type '0' can't be used to index type '{}'.
  Property '0' does not exist on type '{}'.
client/src/pages/Rentals.tsx(310,111): error TS2339: Property 'pricePerDay' does not exist on type '{ seller: { name: string | null; avatar: string | null; verificationStatus: string; } | null; id: number; userId: number; categoryId: number; title: string; description: string | null; ... 17 more ...; expiresAt: Date | null; } | { ...; }'.
  Property 'pricePerDay' does not exist on type '{ seller: { name: string | null; avatar: string | null; verificationStatus: string; } | null; id: number; userId: number; categoryId: number; title: string; description: string | null; type: string; ... 16 more ...; expiresAt: Date | null; }'.
client/src/pages/Rentals.tsx(311,70): error TS2339: Property 'features' does not exist on type '{ seller: { name: string | null; avatar: string | null; verificationStatus: string; } | null; id: number; userId: number; categoryId: number; title: string; description: string | null; ... 17 more ...; expiresAt: Date | null; } | { ...; }'.
  Property 'features' does not exist on type '{ seller: { name: string | null; avatar: string | null; verificationStatus: string; } | null; id: number; userId: number; categoryId: number; title: string; description: string | null; type: string; ... 16 more ...; expiresAt: Date | null; }'.
client/src/pages/Rentals.tsx(314,138): error TS2339: Property 'landlord' does not exist on type '{ seller: { name: string | null; avatar: string | null; verificationStatus: string; } | null; id: number; userId: number; categoryId: number; title: string; description: string | null; ... 17 more ...; expiresAt: Date | null; } | { ...; }'.
  Property 'landlord' does not exist on type '{ seller: { name: string | null; avatar: string | null; verificationStatus: string; } | null; id: number; userId: number; categoryId: number; title: string; description: string | null; type: string; ... 16 more ...; expiresAt: Date | null; }'.
client/src/pages/Rentals.tsx(315,59): error TS2339: Property 'landlord' does not exist on type '{ seller: { name: string | null; avatar: string | null; verificationStatus: string; } | null; id: number; userId: number; categoryId: number; title: string; description: string | null; ... 17 more ...; expiresAt: Date | null; } | { ...; }'.
  Property 'landlord' does not exist on type '{ seller: { name: string | null; avatar: string | null; verificationStatus: string; } | null; id: number; userId: number; categoryId: number; title: string; description: string | null; type: string; ... 16 more ...; expiresAt: Date | null; }'.
client/src/pages/Rentals.tsx(316,119): error TS2339: Property 'rating' does not exist on type '{ seller: { name: string | null; avatar: string | null; verificationStatus: string; } | null; id: number; userId: number; categoryId: number; title: string; description: string | null; ... 17 more ...; expiresAt: Date | null; } | { ...; }'.
  Property 'rating' does not exist on type '{ seller: { name: string | null; avatar: string | null; verificationStatus: string; } | null; id: number; userId: number; categoryId: number; title: string; description: string | null; type: string; ... 16 more ...; expiresAt: Date | null; }'.
client/src/pages/ResetPassword.tsx(28,35): error TS2339: Property 'resetPassword' does not exist on type 'DecorateRouterRecord<{ ctx: TrpcContext; meta: object; errorShape: DefaultErrorShape; transformer: true; }, DecorateCreateRouterOptions<{ me: QueryProcedure<{ input: void; output: { id: number; openId: string; name: string | null; ... 23 more ...; bannerImage: string | null; } | null; meta: object; }>; login: Mutati...'.
client/src/pages/SellerDashboard.tsx(68,48): error TS2339: Property 'promoteListing' does not exist on type 'DecorateRouterRecord<{ ctx: TrpcContext; meta: object; errorShape: DefaultErrorShape; transformer: true; }, DecorateCreateRouterOptions<{ list: QueryProcedure<{ input: { limit?: number | undefined; offset?: number | undefined; type?: "marketplace" | ... 2 more ... | undefined; }; output: { ...; }[]; meta: object; }>...'.
client/src/pages/SellerDashboard.tsx(73,15): error TS7006: Parameter 'error' implicitly has an 'any' type.
client/src/pages/SellerDashboard.tsx(209,71): error TS18047: 'item.price' is possibly 'null'.
client/src/pages/SellerDashboard.tsx(259,33): error TS7053: Element implicitly has an 'any' type because expression of type '0' can't be used to index type '{}'.
  Property '0' does not exist on type '{}'.
client/src/pages/SellerDashboard.tsx(262,33): error TS2339: Property 'listingType' does not exist on type '{ id: number; userId: number; categoryId: number; title: string; description: string | null; type: string; price: number | null; images: unknown; location: string | null; district: string | null; ... 12 more ...; expiresAt: Date | null; }'.
client/src/pages/SellerDashboard.tsx(287,82): error TS18047: 'item.price' is possibly 'null'.
client/src/pages/SellerDashboard.tsx(317,71): error TS2322: Type 'number' is not assignable to type 'string'.
client/src/pages/SellerDashboard.tsx(343,27): error TS2339: Property 'reviews' does not exist on type '{ id: number; status: string; createdAt: Date; updatedAt: Date; title: string | null; listingId: number | null; fromUserId: number; toUserId: number; transactionId: number | null; ... 7 more ...; fromUser: never; }[]'.
client/src/pages/SellerDashboard.tsx(343,40): error TS7006: Parameter 'review' implicitly has an 'any' type.
server/_core/emailService.ts(41,29): error TS2339: Property 'insert' does not exist on type 'Promise<BetterSQLite3Database<typeof import("C:/Users/Dell/OneDrive/Desktop/Agentic Code/sasto_marketplace_latest/drizzle/schema")> & { $client: Database; }>'.
server/_core/emailService.ts(107,8): error TS2339: Property 'select' does not exist on type 'Promise<BetterSQLite3Database<typeof import("C:/Users/Dell/OneDrive/Desktop/Agentic Code/sasto_marketplace_latest/drizzle/schema")> & { $client: Database; }>'.
server/_core/emailService.ts(120,14): error TS2339: Property 'update' does not exist on type 'Promise<BetterSQLite3Database<typeof import("C:/Users/Dell/OneDrive/Desktop/Agentic Code/sasto_marketplace_latest/drizzle/schema")> & { $client: Database; }>'.
server/_core/emailService.ts(143,14): error TS2339: Property 'update' does not exist on type 'Promise<BetterSQLite3Database<typeof import("C:/Users/Dell/OneDrive/Desktop/Agentic Code/sasto_marketplace_latest/drizzle/schema")> & { $client: Database; }>'.
server/_core/emailService.ts(158,16): error TS2339: Property 'update' does not exist on type 'Promise<BetterSQLite3Database<typeof import("C:/Users/Dell/OneDrive/Desktop/Agentic Code/sasto_marketplace_latest/drizzle/schema")> & { $client: Database; }>'.
server/_core/emailService.ts(168,16): error TS2339: Property 'update' does not exist on type 'Promise<BetterSQLite3Database<typeof import("C:/Users/Dell/OneDrive/Desktop/Agentic Code/sasto_marketplace_latest/drizzle/schema")> & { $client: Database; }>'.
server/_core/emailService.ts(180,12): error TS2339: Property 'update' does not exist on type 'Promise<BetterSQLite3Database<typeof import("C:/Users/Dell/OneDrive/Desktop/Agentic Code/sasto_marketplace_latest/drizzle/schema")> & { $client: Database; }>'.
server/_core/emailService.ts(203,14): error TS2339: Property 'insert' does not exist on type 'Promise<BetterSQLite3Database<typeof import("C:/Users/Dell/OneDrive/Desktop/Agentic Code/sasto_marketplace_latest/drizzle/schema")> & { $client: Database; }>'.
server/_core/rbac.ts(2,15): error TS2305: Module '"./context"' has no exported member 'Context'.
server/_core/rbac.ts(25,36): error TS7053: Element implicitly has an 'any' type because expression of type 'any' can't be used to index type '{ readonly user: 0; readonly seller: 1; readonly csr: 2; readonly sub_moderator: 3; readonly moderator: 4; readonly admin: 5; readonly super_admin: 6; }'.
server/_core/rbac.ts(33,10): error TS7053: Element implicitly has an 'any' type because expression of type 'any' can't be used to index type '{ readonly user: 0; readonly seller: 1; readonly csr: 2; readonly sub_moderator: 3; readonly moderator: 4; readonly admin: 5; readonly super_admin: 6; }'.
server/db.ts(2,22): error TS7016: Could not find a declaration file for module 'better-sqlite3'. 'C:/Users/Dell/OneDrive/Desktop/Agentic Code/sasto_marketplace_latest/node_modules/better-sqlite3/lib/index.js' implicitly has an 'any' type.
  Try `npm i --save-dev @types/better-sqlite3` if it exists or add a new declaration (.d.ts) file containing `declare module 'better-sqlite3';`
server/db.ts(93,62): error TS2304: Cannot find name 'User'.
server/db.ts(101,56): error TS2304: Cannot find name 'User'.
server/db.ts(270,12): error TS7053: Element implicitly has an 'any' type because expression of type '0' can't be used to index type '{}'.
  Property '0' does not exist on type '{}'.
server/db.ts(298,12): error TS7053: Element implicitly has an 'any' type because expression of type '0' can't be used to index type '{}'.
  Property '0' does not exist on type '{}'.
server/db.ts(397,12): error TS7053: Element implicitly has an 'any' type because expression of type '0' can't be used to index type '{}'.
  Property '0' does not exist on type '{}'.
server/db.ts(437,12): error TS7053: Element implicitly has an 'any' type because expression of type '0' can't be used to index type '{}'.
  Property '0' does not exist on type '{}'.
server/db.ts(472,12): error TS7053: Element implicitly has an 'any' type because expression of type '0' can't be used to index type '{}'.
  Property '0' does not exist on type '{}'.
server/routers.ts(114,50): error TS2769: No overload matches this call.
  Overload 1 of 2, '(value: { type: string | SQL<unknown> | Placeholder<string, any>; title: string | SQL<unknown> | Placeholder<string, any>; userId: number | SQL<unknown> | Placeholder<...>; ... 19 more ...; expiresAt?: Date | ... 3 more ... | undefined; }): SQLiteInsertBase<...>', gave the following error.
    Type 'string | null' is not assignable to type 'number | SQL<unknown> | Placeholder<string, any> | null | undefined'.
      Type 'string' is not assignable to type 'number | SQL<unknown> | Placeholder<string, any> | null | undefined'.
  Overload 2 of 2, '(values: { type: string | SQL<unknown> | Placeholder<string, any>; title: string | SQL<unknown> | Placeholder<string, any>; userId: number | SQL<unknown> | Placeholder<...>; ... 19 more ...; expiresAt?: Date | ... 3 more ... | undefined; }[]): SQLiteInsertBase<...>', gave the following error.
    Object literal may only specify known properties, and 'userId' does not exist in type '{ type: string | SQL<unknown> | Placeholder<string, any>; title: string | SQL<unknown> | Placeholder<string, any>; userId: number | SQL<unknown> | Placeholder<string, any>; ... 19 more ...; expiresAt?: Date | ... 3 more ... | undefined; }[]'.
server/routers.ts(151,13): error TS2322: Type 'string | number | null' is not assignable to type 'number | SQL<unknown> | SQLiteColumn<ColumnBaseConfig<ColumnDataType, string>, {}, {}> | null | undefined'.
  Type 'string' is not assignable to type 'number | SQL<unknown> | SQLiteColumn<ColumnBaseConfig<ColumnDataType, string>, {}, {}> | null | undefined'.
server/routers.ts(246,46): error TS2769: No overload matches this call.
  Overload 1 of 2, '(value: { auctionId: number | SQL<unknown> | Placeholder<string, any>; bidderId: number | SQL<unknown> | Placeholder<string, any>; amount: number | SQL<unknown> | Placeholder<...>; id?: number | ... 2 more ... | undefined; createdAt?: Date | ... 2 more ... | undefined; }): SQLiteInsertBase<...>', gave the following error.
    Type 'string' is not assignable to type 'number | SQL<unknown> | Placeholder<string, any>'.
  Overload 2 of 2, '(values: { auctionId: number | SQL<unknown> | Placeholder<string, any>; bidderId: number | SQL<unknown> | Placeholder<string, any>; amount: number | SQL<unknown> | Placeholder<...>; id?: number | ... 2 more ... | undefined; createdAt?: Date | ... 2 more ... | undefined; }[]): SQLiteInsertBase<...>', gave the following error.
    Object literal may only specify known properties, and 'auctionId' does not exist in type '{ auctionId: number | SQL<unknown> | Placeholder<string, any>; bidderId: number | SQL<unknown> | Placeholder<string, any>; amount: number | SQL<unknown> | Placeholder<...>; id?: number | ... 2 more ... | undefined; createdAt?: Date | ... 2 more ... | undefined; }[]'.
server/routers.ts(384,50): error TS2769: No overload matches this call.
  Overload 1 of 2, '(value: { userId: number | SQL<unknown> | Placeholder<string, any>; listingId: number | SQL<unknown> | Placeholder<string, any>; startDate: Date | SQL<...> | Placeholder<...>; ... 5 more ...; updatedAt?: Date | ... 2 more ... | undefined; }): SQLiteInsertBase<...>', gave the following error.
    Type 'string' is not assignable to type 'number | SQL<unknown> | Placeholder<string, any>'.
  Overload 2 of 2, '(values: { userId: number | SQL<unknown> | Placeholder<string, any>; listingId: number | SQL<unknown> | Placeholder<string, any>; startDate: Date | SQL<...> | Placeholder<...>; ... 5 more ...; updatedAt?: Date | ... 2 more ... | undefined; }[]): SQLiteInsertBase<...>', gave the following error.
    Object literal may only specify known properties, and 'listingId' does not exist in type '{ userId: number | SQL<unknown> | Placeholder<string, any>; listingId: number | SQL<unknown> | Placeholder<string, any>; startDate: Date | SQL<unknown> | Placeholder<...>; ... 5 more ...; updatedAt?: Date | ... 2 more ... | undefined; }[]'.
server/routers.ts(442,3): error TS1117: An object literal cannot have multiple properties with the same name.
server/routers/admin.ts(633,3): error TS1117: An object literal cannot have multiple properties with the same name.
server/routers/ads.ts(42,51): error TS2769: No overload matches this call.
  Overload 1 of 2, '(value: { businessName: string | SQL<unknown> | Placeholder<string, any>; userId: number | SQL<unknown> | Placeholder<string, any>; contactEmail: string | SQL<...> | Placeholder<...>; ... 7 more ...; accountBalance?: number | ... 2 more ... | undefined; }): SQLiteInsertBase<...>', gave the following error.
    Type 'string' is not assignable to type 'number | SQL<unknown> | Placeholder<string, any> | undefined'.
  Overload 2 of 2, '(values: { businessName: string | SQL<unknown> | Placeholder<string, any>; userId: number | SQL<unknown> | Placeholder<string, any>; contactEmail: string | SQL<...> | Placeholder<...>; ... 7 more ...; accountBalance?: number | ... 2 more ... | undefined; }[]): SQLiteInsertBase<...>', gave the following error.
    Object literal may only specify known properties, and 'userId' does not exist in type '{ businessName: string | SQL<unknown> | Placeholder<string, any>; userId: number | SQL<unknown> | Placeholder<string, any>; contactEmail: string | SQL<...> | Placeholder<...>; ... 7 more ...; accountBalance?: number | ... 2 more ... | undefined; }[]'.
server/routers/ads.ts(91,27): error TS2554: Expected 2-3 arguments, but got 1.
server/routers/ads.ts(112,9): error TS2769: No overload matches this call.
  Overload 2 of 2, '(values: { title: string | SQL<unknown> | Placeholder<string, any>; advertiserId: number | SQL<unknown> | Placeholder<string, any>; imageUrl: string | SQL<unknown> | Placeholder<...>; ... 17 more ...; targetAudience?: string | ... 3 more ... | undefined; }[]): SQLiteInsertBase<...>', gave the following error.
    Object literal may only specify known properties, and 'advertiserId' does not exist in type '{ title: string | SQL<unknown> | Placeholder<string, any>; advertiserId: number | SQL<unknown> | Placeholder<string, any>; imageUrl: string | SQL<unknown> | Placeholder<...>; ... 17 more ...; targetAudience?: string | ... 3 more ... | undefined; }[]'.
server/routers/ads.ts(188,24): error TS2365: Operator '+' cannot be applied to types 'SQLiteColumn<{ name: "impressions"; tableName: "manual_ads"; dataType: "number"; columnType: "SQLiteInteger"; data: number; driverParam: number; notNull: true; hasDefault: true; isPrimaryKey: false; isAutoincrement: false; ... 4 more ...; generated: undefined; }, {}, {}>' and 'number'.
server/routers/ads.ts(212,11): error TS2769: No overload matches this call.
  Overload 2 of 2, '(values: { date: string | SQL<unknown> | Placeholder<string, any>; adId: number | SQL<unknown> | Placeholder<string, any>; id?: number | SQL<unknown> | Placeholder<string, any> | undefined; ... 5 more ...; revenue?: number | ... 2 more ... | undefined; }[]): SQLiteInsertBase<...>', gave the following error.
    Object literal may only specify known properties, and 'adId' does not exist in type '{ date: string | SQL<unknown> | Placeholder<string, any>; adId: number | SQL<unknown> | Placeholder<string, any>; id?: number | SQL<unknown> | Placeholder<string, any> | undefined; ... 5 more ...; revenue?: number | ... 2 more ... | undefined; }[]'.
server/routers/ads.ts(234,19): error TS2365: Operator '+' cannot be applied to types 'SQLiteColumn<{ name: "clicks"; tableName: "manual_ads"; dataType: "number"; columnType: "SQLiteInteger"; data: number; driverParam: number; notNull: true; hasDefault: true; isPrimaryKey: false; isAutoincrement: false; ... 4 more ...; generated: undefined; }, {}, {}>' and 'number'.
server/routers/ads.ts(308,50): error TS2769: No overload matches this call.
  Overload 1 of 2, '(value: { amount: number | SQL<unknown> | Placeholder<string, any>; advertiserId: number | SQL<unknown> | Placeholder<string, any>; paymentMethod: string | SQL<...> | Placeholder<...>; ... 5 more ...; transactionId?: string | ... 3 more ... | undefined; }): SQLiteInsertBase<...>', gave the following error.
    Type 'string' is not assignable to type 'number | SQL<unknown> | Placeholder<string, any>'.
  Overload 2 of 2, '(values: { amount: number | SQL<unknown> | Placeholder<string, any>; advertiserId: number | SQL<unknown> | Placeholder<string, any>; paymentMethod: string | SQL<...> | Placeholder<...>; ... 5 more ...; transactionId?: string | ... 3 more ... | undefined; }[]): SQLiteInsertBase<...>', gave the following error.
    Object literal may only specify known properties, and 'advertiserId' does not exist in type '{ amount: number | SQL<unknown> | Placeholder<string, any>; advertiserId: number | SQL<unknown> | Placeholder<string, any>; paymentMethod: string | SQL<...> | Placeholder<...>; ... 5 more ...; transactionId?: string | ... 3 more ... | undefined; }[]'.
server/routers/auctions.ts(60,44): error TS2769: No overload matches this call.
  Overload 1 of 2, '(value: { auctionId: number | SQL<unknown> | Placeholder<string, any>; bidderId: number | SQL<unknown> | Placeholder<string, any>; amount: number | SQL<unknown> | Placeholder<...>; id?: number | ... 2 more ... | undefined; createdAt?: Date | ... 2 more ... | undefined; }): SQLiteInsertBase<...>', gave the following error.
    Type 'string' is not assignable to type 'number | SQL<unknown> | Placeholder<string, any>'.
  Overload 2 of 2, '(values: { auctionId: number | SQL<unknown> | Placeholder<string, any>; bidderId: number | SQL<unknown> | Placeholder<string, any>; amount: number | SQL<unknown> | Placeholder<...>; id?: number | ... 2 more ... | undefined; createdAt?: Date | ... 2 more ... | undefined; }[]): SQLiteInsertBase<...>', gave the following error.
    Object literal may only specify known properties, and 'auctionId' does not exist in type '{ auctionId: number | SQL<unknown> | Placeholder<string, any>; bidderId: number | SQL<unknown> | Placeholder<string, any>; amount: number | SQL<unknown> | Placeholder<...>; id?: number | ... 2 more ... | undefined; createdAt?: Date | ... 2 more ... | undefined; }[]'.
server/routers/auctions.ts(69,11): error TS2322: Type 'string' is not assignable to type 'number | SQL<unknown> | SQLiteColumn<ColumnBaseConfig<ColumnDataType, string>, {}, {}> | null | undefined'.
server/routers/auth-google.ts(129,67): error TS18048: 'user' is possibly 'undefined'.
server/routers/auth-google.ts(130,17): error TS18048: 'user' is possibly 'undefined'.
server/routers/auth-google.ts(136,17): error TS18048: 'user' is possibly 'undefined'.
server/routers/auth-google.ts(137,20): error TS18048: 'user' is possibly 'undefined'.
server/routers/auth-google.ts(138,19): error TS18048: 'user' is possibly 'undefined'.
server/routers/auth-google.ts(139,21): error TS18048: 'user' is possibly 'undefined'.
server/routers/auth-google.ts(140,19): error TS18048: 'user' is possibly 'undefined'.
server/routers/auth-google.ts(146,25): error TS2339: Property 'from' does not exist on type 'typeof TRPCError'.
server/routers/auth-google.ts(181,25): error TS2339: Property 'from' does not exist on type 'typeof TRPCError'.
server/routers/deals.ts(54,11): error TS2741: Property 'orderBy' is missing in type 'Omit<import("C:/Users/Dell/OneDrive/Desktop/Agentic Code/sasto_marketplace_latest/node_modules/drizzle-orm/sqlite-core/query-builders/select").SQLiteSelectBase<"listings", "sync", any, { id: import("C:/Users/Dell/OneDrive/Desktop/Agentic Code/sasto_marketplace_latest/node_modules/drizzle-orm/sqlite-core/columns/comm...' but required in type 'Omit<import("C:/Users/Dell/OneDrive/Desktop/Agentic Code/sasto_marketplace_latest/node_modules/drizzle-orm/sqlite-core/query-builders/select").SQLiteSelectBase<"listings", "sync", any, { id: import("C:/Users/Dell/OneDrive/Desktop/Agentic Code/sasto_marketplace_latest/node_modules/drizzle-orm/sqlite-core/columns/comm...'.
server/routers/deals.ts(56,11): error TS2741: Property 'orderBy' is missing in type 'Omit<import("C:/Users/Dell/OneDrive/Desktop/Agentic Code/sasto_marketplace_latest/node_modules/drizzle-orm/sqlite-core/query-builders/select").SQLiteSelectBase<"listings", "sync", any, { id: import("C:/Users/Dell/OneDrive/Desktop/Agentic Code/sasto_marketplace_latest/node_modules/drizzle-orm/sqlite-core/columns/comm...' but required in type 'Omit<import("C:/Users/Dell/OneDrive/Desktop/Agentic Code/sasto_marketplace_latest/node_modules/drizzle-orm/sqlite-core/query-builders/select").SQLiteSelectBase<"listings", "sync", any, { id: import("C:/Users/Dell/OneDrive/Desktop/Agentic Code/sasto_marketplace_latest/node_modules/drizzle-orm/sqlite-core/columns/comm...'.
server/routers/deals.ts(58,11): error TS2741: Property 'orderBy' is missing in type 'Omit<import("C:/Users/Dell/OneDrive/Desktop/Agentic Code/sasto_marketplace_latest/node_modules/drizzle-orm/sqlite-core/query-builders/select").SQLiteSelectBase<"listings", "sync", any, { id: import("C:/Users/Dell/OneDrive/Desktop/Agentic Code/sasto_marketplace_latest/node_modules/drizzle-orm/sqlite-core/columns/comm...' but required in type 'Omit<import("C:/Users/Dell/OneDrive/Desktop/Agentic Code/sasto_marketplace_latest/node_modules/drizzle-orm/sqlite-core/query-builders/select").SQLiteSelectBase<"listings", "sync", any, { id: import("C:/Users/Dell/OneDrive/Desktop/Agentic Code/sasto_marketplace_latest/node_modules/drizzle-orm/sqlite-core/columns/comm...'.
server/routers/index.ts(64,30): error TS2304: Cannot find name 'db'.
server/routers/index.ts(134,15): error TS2304: Cannot find name 'db'.
server/routers/index.ts(153,28): error TS2304: Cannot find name 'db'.
server/routers/index.ts(162,15): error TS2304: Cannot find name 'db'.
server/routers/index.ts(350,13): error TS2322: Type 'string | number | null' is not assignable to type 'number | SQL<unknown> | SQLiteColumn<ColumnBaseConfig<ColumnDataType, string>, {}, {}> | null | undefined'.
  Type 'string' is not assignable to type 'number | SQL<unknown> | SQLiteColumn<ColumnBaseConfig<ColumnDataType, string>, {}, {}> | null | undefined'.
server/routers/index.ts(440,46): error TS2769: No overload matches this call.
  Overload 1 of 2, '(value: { auctionId: number | SQL<unknown> | Placeholder<string, any>; bidderId: number | SQL<unknown> | Placeholder<string, any>; amount: number | SQL<unknown> | Placeholder<...>; id?: number | ... 2 more ... | undefined; createdAt?: Date | ... 2 more ... | undefined; }): SQLiteInsertBase<...>', gave the following error.
    Type 'string' is not assignable to type 'number | SQL<unknown> | Placeholder<string, any>'.
  Overload 2 of 2, '(values: { auctionId: number | SQL<unknown> | Placeholder<string, any>; bidderId: number | SQL<unknown> | Placeholder<string, any>; amount: number | SQL<unknown> | Placeholder<...>; id?: number | ... 2 more ... | undefined; createdAt?: Date | ... 2 more ... | undefined; }[]): SQLiteInsertBase<...>', gave the following error.
    Object literal may only specify known properties, and 'auctionId' does not exist in type '{ auctionId: number | SQL<unknown> | Placeholder<string, any>; bidderId: number | SQL<unknown> | Placeholder<string, any>; amount: number | SQL<unknown> | Placeholder<...>; id?: number | ... 2 more ... | undefined; createdAt?: Date | ... 2 more ... | undefined; }[]'.
server/routers/index.ts(505,39): error TS2339: Property 'conversationId' does not exist on type '{ id: number; createdAt: Date; content: string; listingId: number | null; senderId: number; recipientId: number; isRead: boolean | null; }'.
server/routers/index.ts(598,50): error TS2769: No overload matches this call.
  Overload 1 of 2, '(value: { userId: number | SQL<unknown> | Placeholder<string, any>; listingId: number | SQL<unknown> | Placeholder<string, any>; startDate: Date | SQL<...> | Placeholder<...>; ... 5 more ...; updatedAt?: Date | ... 2 more ... | undefined; }): SQLiteInsertBase<...>', gave the following error.
    Type 'string' is not assignable to type 'number | SQL<unknown> | Placeholder<string, any>'.
  Overload 2 of 2, '(values: { userId: number | SQL<unknown> | Placeholder<string, any>; listingId: number | SQL<unknown> | Placeholder<string, any>; startDate: Date | SQL<...> | Placeholder<...>; ... 5 more ...; updatedAt?: Date | ... 2 more ... | undefined; }[]): SQLiteInsertBase<...>', gave the following error.
    Object literal may only specify known properties, and 'listingId' does not exist in type '{ userId: number | SQL<unknown> | Placeholder<string, any>; listingId: number | SQL<unknown> | Placeholder<string, any>; startDate: Date | SQL<unknown> | Placeholder<...>; ... 5 more ...; updatedAt?: Date | ... 2 more ... | undefined; }[]'.
server/routers/messages.ts(52,11): error TS2353: Object literal may only specify known properties, and 'listingId' does not exist in type 'MessageEvent'.
server/routers/messages.ts(72,16): error TS2345: Argument of type '(t: any) => any' is not assignable to parameter of type 'SQL<unknown>'.
server/routers/messages.ts(72,17): error TS7006: Parameter 't' implicitly has an 'any' type.
server/routers/rentals.ts(28,42): error TS18048: 'input.searchQuery' is possibly 'undefined'.
server/routers/rentals.ts(29,49): error TS18048: 'input.searchQuery' is possibly 'undefined'.
server/routers/reviews.ts(3,27): error TS2307: Cannot find module '../_core/email' or its corresponding type declarations.
server/routers/reviews.ts(4,68): error TS2307: Cannot find module './email-templates/review-notification' or its corresponding type declarations.
server/routers/search.ts(55,77): error TS7053: Element implicitly has an 'any' type because expression of type '0' can't be used to index type '{}'.
  Property '0' does not exist on type '{}'.
server/routers/seller-analytics.ts(85,13): error TS2769: No overload matches this call.
  Overload 1 of 3, '(left: SQLiteColumn<{ name: "createdAt"; tableName: "bookings"; dataType: "date"; columnType: "SQLiteTimestamp"; data: Date; driverParam: number; notNull: true; hasDefault: true; isPrimaryKey: false; ... 5 more ...; generated: undefined; }, {}, {}>, right: Date | SQLWrapper): SQL<...>', gave the following error.
    Argument of type 'number' is not assignable to parameter of type 'Date | SQLWrapper'.
  Overload 2 of 3, '(left: Aliased<number>, right: number | SQLWrapper): SQL<unknown>', gave the following error.
    Argument of type 'SQLiteColumn<{ name: "createdAt"; tableName: "bookings"; dataType: "date"; columnType: "SQLiteTimestamp"; data: Date; driverParam: number; notNull: true; hasDefault: true; isPrimaryKey: false; isAutoincrement: false; ... 4 more ...; generated: undefined; }, {}, {}>' is not assignable to parameter of type 'Aliased<number>'.
      Type 'SQLiteColumn<{ name: "createdAt"; tableName: "bookings"; dataType: "date"; columnType: "SQLiteTimestamp"; data: Date; driverParam: number; notNull: true; hasDefault: true; isPrimaryKey: false; isAutoincrement: false; ... 4 more ...; generated: undefined; }, {}, {}>' is missing the following properties from type 'Aliased<number>': sql, fieldAlias
  Overload 3 of 3, '(left: never, right: unknown): SQL<unknown>', gave the following error.
    Argument of type 'SQLiteColumn<{ name: "createdAt"; tableName: "bookings"; dataType: "date"; columnType: "SQLiteTimestamp"; data: Date; driverParam: number; notNull: true; hasDefault: true; isPrimaryKey: false; isAutoincrement: false; ... 4 more ...; generated: undefined; }, {}, {}>' is not assignable to parameter of type 'never'.
server/routers/seller-analytics.ts(286,63): error TS2365: Operator '>' cannot be applied to types 'Date' and 'number'.
server/routers/seller-analytics.ts(299,65): error TS2339: Property 'listing' does not exist on type 'never'.
server/routers/seller.ts(46,23): error TS2339: Property 'sellerId' does not exist on type 'SQLiteTableWithColumns<{ name: "bookings"; schema: undefined; columns: { id: SQLiteColumn<{ name: "id"; tableName: "bookings"; dataType: "number"; columnType: "SQLiteInteger"; data: number; driverParam: number; notNull: true; hasDefault: true; ... 6 more ...; generated: undefined; }, {}, {}>; ... 7 more ...; updated...'.
server/routers/seller.ts(57,23): error TS2339: Property 'sellerId' does not exist on type 'SQLiteTableWithColumns<{ name: "bookings"; schema: undefined; columns: { id: SQLiteColumn<{ name: "id"; tableName: "bookings"; dataType: "number"; columnType: "SQLiteInteger"; data: number; driverParam: number; notNull: true; hasDefault: true; ... 6 more ...; generated: undefined; }, {}, {}>; ... 7 more ...; updated...'.
server/routers/seller.ts(66,25): error TS2339: Property 'sellerId' does not exist on type 'SQLiteTableWithColumns<{ name: "reviews"; schema: undefined; columns: { id: SQLiteColumn<{ name: "id"; tableName: "reviews"; dataType: "number"; columnType: "SQLiteInteger"; data: number; driverParam: number; notNull: true; hasDefault: true; ... 6 more ...; generated: undefined; }, {}, {}>; ... 14 more ...; updatedA...'.
server/routers/seller.ts(72,25): error TS2339: Property 'sellerId' does not exist on type 'SQLiteTableWithColumns<{ name: "reviews"; schema: undefined; columns: { id: SQLiteColumn<{ name: "id"; tableName: "reviews"; dataType: "number"; columnType: "SQLiteInteger"; data: number; driverParam: number; notNull: true; hasDefault: true; ... 6 more ...; generated: undefined; }, {}, {}>; ... 14 more ...; updatedA...'.
server/routers/seller.ts(144,13): error TS2769: No overload matches this call.
  Overload 1 of 3, '(left: SQLiteColumn<{ name: "id"; tableName: "listings"; dataType: "number"; columnType: "SQLiteInteger"; data: number; driverParam: number; notNull: true; hasDefault: true; isPrimaryKey: true; isAutoincrement: false; ... 4 more ...; generated: undefined; }, {}, {}>, right: number | SQLWrapper): SQL<...>', gave the following error.
    Argument of type 'string' is not assignable to parameter of type 'number | SQLWrapper'.
  Overload 2 of 3, '(left: Aliased<string>, right: string | SQLWrapper): SQL<unknown>', gave the following error.
    Argument of type 'SQLiteColumn<{ name: "id"; tableName: "listings"; dataType: "number"; columnType: "SQLiteInteger"; data: number; driverParam: number; notNull: true; hasDefault: true; isPrimaryKey: true; isAutoincrement: false; ... 4 more ...; generated: undefined; }, {}, {}>' is not assignable to parameter of type 'Aliased<string>'.
      Type 'SQLiteColumn<{ name: "id"; tableName: "listings"; dataType: "number"; columnType: "SQLiteInteger"; data: number; driverParam: number; notNull: true; hasDefault: true; isPrimaryKey: true; isAutoincrement: false; ... 4 more ...; generated: undefined; }, {}, {}>' is missing the following properties from type 'Aliased<string>': sql, fieldAlias
  Overload 3 of 3, '(left: never, right: unknown): SQL<unknown>', gave the following error.
    Argument of type 'SQLiteColumn<{ name: "id"; tableName: "listings"; dataType: "number"; columnType: "SQLiteInteger"; data: number; driverParam: number; notNull: true; hasDefault: true; isPrimaryKey: true; isAutoincrement: false; ... 4 more ...; generated: undefined; }, {}, {}>' is not assignable to parameter of type 'never'.
server/routers/seller.ts(157,16): error TS2769: No overload matches this call.
  Overload 1 of 3, '(left: SQLiteColumn<{ name: "listingId"; tableName: "auctions"; dataType: "number"; columnType: "SQLiteInteger"; data: number; driverParam: number; notNull: true; hasDefault: false; isPrimaryKey: false; isAutoincrement: false; ... 4 more ...; generated: undefined; }, {}, {}>, right: number | SQLWrapper): SQL<...>', gave the following error.
    Argument of type 'string' is not assignable to parameter of type 'number | SQLWrapper'.
  Overload 2 of 3, '(left: Aliased<string>, right: string | SQLWrapper): SQL<unknown>', gave the following error.
    Argument of type 'SQLiteColumn<{ name: "listingId"; tableName: "auctions"; dataType: "number"; columnType: "SQLiteInteger"; data: number; driverParam: number; notNull: true; hasDefault: false; isPrimaryKey: false; isAutoincrement: false; ... 4 more ...; generated: undefined; }, {}, {}>' is not assignable to parameter of type 'Aliased<string>'.
      Type 'SQLiteColumn<{ name: "listingId"; tableName: "auctions"; dataType: "number"; columnType: "SQLiteInteger"; data: number; driverParam: number; notNull: true; hasDefault: false; isPrimaryKey: false; isAutoincrement: false; ... 4 more ...; generated: undefined; }, {}, {}>' is missing the following properties from type 'Aliased<string>': sql, fieldAlias
  Overload 3 of 3, '(left: never, right: unknown): SQL<unknown>', gave the following error.
    Argument of type 'SQLiteColumn<{ name: "listingId"; tableName: "auctions"; dataType: "number"; columnType: "SQLiteInteger"; data: number; driverParam: number; notNull: true; hasDefault: false; isPrimaryKey: false; isAutoincrement: false; ... 4 more ...; generated: undefined; }, {}, {}>' is not assignable to parameter of type 'never'.
server/routers/seller.ts(178,44): error TS2339: Property 'sellerId' does not exist on type 'SQLiteTableWithColumns<{ name: "bookings"; schema: undefined; columns: { id: SQLiteColumn<{ name: "id"; tableName: "bookings"; dataType: "number"; columnType: "SQLiteInteger"; data: number; driverParam: number; notNull: true; hasDefault: true; ... 6 more ...; generated: undefined; }, {}, {}>; ... 7 more ...; updated...'.
server/routers/seller.ts(225,27): error TS2339: Property 'sellerId' does not exist on type 'SQLiteTableWithColumns<{ name: "reviews"; schema: undefined; columns: { id: SQLiteColumn<{ name: "id"; tableName: "reviews"; dataType: "number"; columnType: "SQLiteInteger"; data: number; driverParam: number; notNull: true; hasDefault: true; ... 6 more ...; generated: undefined; }, {}, {}>; ... 14 more ...; updatedA...'.
server/routers/seller.ts(233,27): error TS2339: Property 'sellerId' does not exist on type 'SQLiteTableWithColumns<{ name: "reviews"; schema: undefined; columns: { id: SQLiteColumn<{ name: "id"; tableName: "reviews"; dataType: "number"; columnType: "SQLiteInteger"; data: number; driverParam: number; notNull: true; hasDefault: true; ... 6 more ...; generated: undefined; }, {}, {}>; ... 14 more ...; updatedA...'.
server/routers/seller.ts(264,13): error TS2769: No overload matches this call.
  Overload 1 of 3, '(left: SQLiteColumn<{ name: "id"; tableName: "listings"; dataType: "number"; columnType: "SQLiteInteger"; data: number; driverParam: number; notNull: true; hasDefault: true; isPrimaryKey: true; isAutoincrement: false; ... 4 more ...; generated: undefined; }, {}, {}>, right: number | SQLWrapper): SQL<...>', gave the following error.
    Argument of type 'string' is not assignable to parameter of type 'number | SQLWrapper'.
  Overload 2 of 3, '(left: Aliased<string>, right: string | SQLWrapper): SQL<unknown>', gave the following error.
    Argument of type 'SQLiteColumn<{ name: "id"; tableName: "listings"; dataType: "number"; columnType: "SQLiteInteger"; data: number; driverParam: number; notNull: true; hasDefault: true; isPrimaryKey: true; isAutoincrement: false; ... 4 more ...; generated: undefined; }, {}, {}>' is not assignable to parameter of type 'Aliased<string>'.
      Type 'SQLiteColumn<{ name: "id"; tableName: "listings"; dataType: "number"; columnType: "SQLiteInteger"; data: number; driverParam: number; notNull: true; hasDefault: true; isPrimaryKey: true; isAutoincrement: false; ... 4 more ...; generated: undefined; }, {}, {}>' is missing the following properties from type 'Aliased<string>': sql, fieldAlias
  Overload 3 of 3, '(left: never, right: unknown): SQL<unknown>', gave the following error.
    Argument of type 'SQLiteColumn<{ name: "id"; tableName: "listings"; dataType: "number"; columnType: "SQLiteInteger"; data: number; driverParam: number; notNull: true; hasDefault: true; isPrimaryKey: true; isAutoincrement: false; ... 4 more ...; generated: undefined; }, {}, {}>' is not assignable to parameter of type 'never'.
server/routers/seller.ts(276,16): error TS2769: No overload matches this call.
  Overload 1 of 3, '(left: SQLiteColumn<{ name: "id"; tableName: "listings"; dataType: "number"; columnType: "SQLiteInteger"; data: number; driverParam: number; notNull: true; hasDefault: true; isPrimaryKey: true; isAutoincrement: false; ... 4 more ...; generated: undefined; }, {}, {}>, right: number | SQLWrapper): SQL<...>', gave the following error.
    Argument of type 'string' is not assignable to parameter of type 'number | SQLWrapper'.
  Overload 2 of 3, '(left: Aliased<string>, right: string | SQLWrapper): SQL<unknown>', gave the following error.
    Argument of type 'SQLiteColumn<{ name: "id"; tableName: "listings"; dataType: "number"; columnType: "SQLiteInteger"; data: number; driverParam: number; notNull: true; hasDefault: true; isPrimaryKey: true; isAutoincrement: false; ... 4 more ...; generated: undefined; }, {}, {}>' is not assignable to parameter of type 'Aliased<string>'.
      Type 'SQLiteColumn<{ name: "id"; tableName: "listings"; dataType: "number"; columnType: "SQLiteInteger"; data: number; driverParam: number; notNull: true; hasDefault: true; isPrimaryKey: true; isAutoincrement: false; ... 4 more ...; generated: undefined; }, {}, {}>' is missing the following properties from type 'Aliased<string>': sql, fieldAlias
  Overload 3 of 3, '(left: never, right: unknown): SQL<unknown>', gave the following error.
    Argument of type 'SQLiteColumn<{ name: "id"; tableName: "listings"; dataType: "number"; columnType: "SQLiteInteger"; data: number; driverParam: number; notNull: true; hasDefault: true; isPrimaryKey: true; isAutoincrement: false; ... 4 more ...; generated: undefined; }, {}, {}>' is not assignable to parameter of type 'never'.
server/routers/seller.ts(294,20): error TS2769: No overload matches this call.
  Overload 1 of 3, '(left: SQLiteColumn<{ name: "id"; tableName: "listings"; dataType: "number"; columnType: "SQLiteInteger"; data: number; driverParam: number; notNull: true; hasDefault: true; isPrimaryKey: true; isAutoincrement: false; ... 4 more ...; generated: undefined; }, {}, {}>, right: number | SQLWrapper): SQL<...>', gave the following error.
    Argument of type 'string' is not assignable to parameter of type 'number | SQLWrapper'.
  Overload 2 of 3, '(left: Aliased<string>, right: string | SQLWrapper): SQL<unknown>', gave the following error.
    Argument of type 'SQLiteColumn<{ name: "id"; tableName: "listings"; dataType: "number"; columnType: "SQLiteInteger"; data: number; driverParam: number; notNull: true; hasDefault: true; isPrimaryKey: true; isAutoincrement: false; ... 4 more ...; generated: undefined; }, {}, {}>' is not assignable to parameter of type 'Aliased<string>'.
      Type 'SQLiteColumn<{ name: "id"; tableName: "listings"; dataType: "number"; columnType: "SQLiteInteger"; data: number; driverParam: number; notNull: true; hasDefault: true; isPrimaryKey: true; isAutoincrement: false; ... 4 more ...; generated: undefined; }, {}, {}>' is missing the following properties from type 'Aliased<string>': sql, fieldAlias
  Overload 3 of 3, '(left: never, right: unknown): SQL<unknown>', gave the following error.
    Argument of type 'SQLiteColumn<{ name: "id"; tableName: "listings"; dataType: "number"; columnType: "SQLiteInteger"; data: number; driverParam: number; notNull: true; hasDefault: true; isPrimaryKey: true; isAutoincrement: false; ... 4 more ...; generated: undefined; }, {}, {}>' is not assignable to parameter of type 'never'.
server/routers/seller.ts(300,39): error TS2769: No overload matches this call.
  Overload 1 of 3, '(left: SQLiteColumn<{ name: "id"; tableName: "listings"; dataType: "number"; columnType: "SQLiteInteger"; data: number; driverParam: number; notNull: true; hasDefault: true; isPrimaryKey: true; isAutoincrement: false; ... 4 more ...; generated: undefined; }, {}, {}>, right: number | SQLWrapper): SQL<...>', gave the following error.
    Argument of type 'string' is not assignable to parameter of type 'number | SQLWrapper'.
  Overload 2 of 3, '(left: Aliased<string>, right: string | SQLWrapper): SQL<unknown>', gave the following error.
    Argument of type 'SQLiteColumn<{ name: "id"; tableName: "listings"; dataType: "number"; columnType: "SQLiteInteger"; data: number; driverParam: number; notNull: true; hasDefault: true; isPrimaryKey: true; isAutoincrement: false; ... 4 more ...; generated: undefined; }, {}, {}>' is not assignable to parameter of type 'Aliased<string>'.
      Type 'SQLiteColumn<{ name: "id"; tableName: "listings"; dataType: "number"; columnType: "SQLiteInteger"; data: number; driverParam: number; notNull: true; hasDefault: true; isPrimaryKey: true; isAutoincrement: false; ... 4 more ...; generated: undefined; }, {}, {}>' is missing the following properties from type 'Aliased<string>': sql, fieldAlias
  Overload 3 of 3, '(left: never, right: unknown): SQL<unknown>', gave the following error.
    Argument of type 'SQLiteColumn<{ name: "id"; tableName: "listings"; dataType: "number"; columnType: "SQLiteInteger"; data: number; driverParam: number; notNull: true; hasDefault: true; isPrimaryKey: true; isAutoincrement: false; ... 4 more ...; generated: undefined; }, {}, {}>' is not assignable to parameter of type 'never'.
server/routers/seller.ts(324,25): error TS2339: Property 'sellerId' does not exist on type 'SQLiteTableWithColumns<{ name: "bookings"; schema: undefined; columns: { id: SQLiteColumn<{ name: "id"; tableName: "bookings"; dataType: "number"; columnType: "SQLiteInteger"; data: number; driverParam: number; notNull: true; hasDefault: true; ... 6 more ...; generated: undefined; }, {}, {}>; ... 7 more ...; updated...'.
server/routers/seller.ts(361,13): error TS2769: No overload matches this call.
  Overload 1 of 3, '(left: SQLiteColumn<{ name: "id"; tableName: "listings"; dataType: "number"; columnType: "SQLiteInteger"; data: number; driverParam: number; notNull: true; hasDefault: true; isPrimaryKey: true; isAutoincrement: false; ... 4 more ...; generated: undefined; }, {}, {}>, right: number | SQLWrapper): SQL<...>', gave the following error.
    Argument of type 'string' is not assignable to parameter of type 'number | SQLWrapper'.
  Overload 2 of 3, '(left: Aliased<string>, right: string | SQLWrapper): SQL<unknown>', gave the following error.
    Argument of type 'SQLiteColumn<{ name: "id"; tableName: "listings"; dataType: "number"; columnType: "SQLiteInteger"; data: number; driverParam: number; notNull: true; hasDefault: true; isPrimaryKey: true; isAutoincrement: false; ... 4 more ...; generated: undefined; }, {}, {}>' is not assignable to parameter of type 'Aliased<string>'.
      Type 'SQLiteColumn<{ name: "id"; tableName: "listings"; dataType: "number"; columnType: "SQLiteInteger"; data: number; driverParam: number; notNull: true; hasDefault: true; isPrimaryKey: true; isAutoincrement: false; ... 4 more ...; generated: undefined; }, {}, {}>' is missing the following properties from type 'Aliased<string>': sql, fieldAlias
  Overload 3 of 3, '(left: never, right: unknown): SQL<unknown>', gave the following error.
    Argument of type 'SQLiteColumn<{ name: "id"; tableName: "listings"; dataType: "number"; columnType: "SQLiteInteger"; data: number; driverParam: number; notNull: true; hasDefault: true; isPrimaryKey: true; isAutoincrement: false; ... 4 more ...; generated: undefined; }, {}, {}>' is not assignable to parameter of type 'never'.
server/routers/verification.ts(12,15): error TS2554: Expected 2-3 arguments, but got 1.
server/websocket.ts(90,37): error TS2802: Type 'MapIterator<[number, Set<string>]>' can only be iterated through when using the '--downlevelIteration' flag or with a '--target' of 'es2015' or higher.
